// Jest Snapshot v1, https://goo.gl/fbAQLP

exports[`Card component snapshot test 1`] = `<span><div class="card"><p>Bobo</p> <p class="card-name">BOBO</p> <img src="https://bobothepokemon.com"> <p class="card-stat">weight: 100</p></div></span>`;
